? Set up and deploy “~/amaryllis/frontend”? (Y/n)[51G[2K[G? Set up and deploy “~/amaryllis/frontend”? (Y/n) y[52G[2K[G? Set up and deploy “~/amaryllis/frontend”? yes[48G
[?25hLoading scopes…
? Which scope should contain your project? (Use arrow keys)
❯ mmakanda's projects[?25l[22G[2K[1A[2K[G? Which scope should contain your project? mmakanda's projects[63G
[?25hSearching for existing projects…
? Link to existing project? (y/N)[35G[2K[G? Link to existing project? (y/N) n[36G[2K[G? Link to existing project? no[31G
[?25h? What’s your project’s name? (frontend)[42G[2K[G⠋ What’s your project’s name? (frontend)[42G[2K[G⠙ What’s your project’s name? (frontend)[42G[2K[G⠹ What’s your project’s name? (frontend)[42G[2K[G⠸ What’s your project’s name? (frontend)[42G[2K[G⠼ What’s your project’s name? (frontend)[42G[2K[G⠼ What’s your project’s name? frontend[39G[2K[G? What’s your project’s name? frontend[39G
[?25h? In which directory is your code located? ./[46G[2K[G⠋ In which directory is your code located? ./[46G[2K[G? In which directory is your code located? ./[46G
[?25hLocal settings detected in vercel.json:
- Build Command: npm run build
- Development Command: npm run dev
- Framework: nextjs
- Install Command: npm ci
- Output Directory: .next
Merging default Project Settings for Next.js. Previously listed overrides are prioritized.
> Auto-detected Project Settings for Next.js

? Want to modify these settings? (y/N)[40G[2K[G? Want to modify these settings? (y/N) n[41G[2K[G? Want to modify these settings? no[36G
[?25h? Do you want to change additional project settings? (y/N)[60G[2K[G? Do you want to change additional project settings? (y/N) n[61G[2K[G? Do you want to change additional project settings? no[56G
[?25hLinked to mmakandas-projects/frontend (created .vercel and added it to .gitignore)
? Detected a repository. Connect it to this project? (Y/n)[60G[2K[G? Detected a repository. Connect it to this project? (Y/n) n[61G[2K[G? Detected a repository. Connect it to this project? no[56G
[?25hDeploying mmakandas-projects/frontend
Uploading [--------------------] (0.0B/430.6KB)
Uploading [=====---------------] (108.7KB/430.6KB)
Uploading [==========----------] (218.0KB/430.6KB)
Uploading [===============-----] (330.0KB/430.6KB)
Uploading [====================] (430.6KB/430.6KB)
Inspect: https://vercel.com/mmakandas-projects/frontend/Gxrnbr7Lhaj2L3MqmQtuVFkNr42p [7s]
Production: https://frontend-3jt8wwesu-mmakandas-projects.vercel.app [7s]
https://frontend-3jt8wwesu-mmakandas-projects.vercel.appBuilding...
Building...
Building: Running build in Washington, D.C., USA (East) – iad1
Building: Build machine configuration: 2 cores, 8 GB
Building: Retrieving list of deployment files...
Building: Previous build caches not available.
Building: Downloading 43 deployment files...
Building: Running "vercel build"
Building: Vercel CLI 51.6.1
Building: Warning: Detected "engines": { "node": ">=20.0.0" } in your `package.json` that will automatically upgrade when a new major Node.js Version is released. Learn More: https://vercel.link/node-version
Building: Running "install" command: `npm ci`...
2026-05-01T15:16:24.860Z  Running build in Washington, D.C., USA (East) – iad1
2026-05-01T15:16:24.860Z  Build machine configuration: 2 cores, 8 GB
2026-05-01T15:16:24.977Z  Retrieving list of deployment files...
2026-05-01T15:16:24.980Z  Previous build caches not available.
2026-05-01T15:16:25.587Z  Downloading 43 deployment files...
2026-05-01T15:16:26.303Z  Running "vercel build"
2026-05-01T15:16:27.024Z  Vercel CLI 51.6.1
2026-05-01T15:16:27.258Z  Warning: Detected "engines": { "node": ">=20.0.0" } in your `package.json` that will automatically upgrade when a new major Node.js Version is released. Learn More: https://vercel.link/node-version
2026-05-01T15:16:27.271Z  Running "install" command: `npm ci`...
2026-05-01T15:16:29.470Z  npm error code EUSAGE
2026-05-01T15:16:29.478Z  npm error
2026-05-01T15:16:29.479Z  npm error `npm ci` can only install packages when your package.json and package-lock.json or npm-shrinkwrap.json are in sync. Please update your lock file with `npm install` before continuing.
2026-05-01T15:16:29.479Z  npm error
2026-05-01T15:16:29.479Z  npm error Invalid: lock file's sharp@0.34.1 does not satisfy sharp@0.33.5
2026-05-01T15:16:29.480Z  npm error Invalid: lock file's @img/sharp-darwin-arm64@0.34.1 does not satisfy @img/sharp-darwin-arm64@0.33.5
2026-05-01T15:16:29.480Z  npm error Invalid: lock file's @img/sharp-darwin-x64@0.34.1 does not satisfy @img/sharp-darwin-x64@0.33.5
2026-05-01T15:16:29.480Z  npm error Invalid: lock file's @img/sharp-libvips-darwin-arm64@1.1.0 does not satisfy @img/sharp-libvips-darwin-arm64@1.0.4
2026-05-01T15:16:29.481Z  npm error Invalid: lock file's @img/sharp-libvips-darwin-x64@1.1.0 does not satisfy @img/sharp-libvips-darwin-x64@1.0.4
2026-05-01T15:16:29.481Z  npm error Invalid: lock file's @img/sharp-libvips-linux-arm@1.1.0 does not satisfy @img/sharp-libvips-linux-arm@1.0.5
2026-05-01T15:16:29.481Z  npm error Invalid: lock file's @img/sharp-libvips-linux-arm64@1.1.0 does not satisfy @img/sharp-libvips-linux-arm64@1.0.4
2026-05-01T15:16:29.481Z  npm error Invalid: lock file's @img/sharp-libvips-linux-s390x@1.1.0 does not satisfy @img/sharp-libvips-linux-s390x@1.0.4
2026-05-01T15:16:29.482Z  npm error Invalid: lock file's @img/sharp-libvips-linux-x64@1.1.0 does not satisfy @img/sharp-libvips-linux-x64@1.0.4
2026-05-01T15:16:29.482Z  npm error Invalid: lock file's @img/sharp-libvips-linuxmusl-arm64@1.1.0 does not satisfy @img/sharp-libvips-linuxmusl-arm64@1.0.4
2026-05-01T15:16:29.482Z  npm error Invalid: lock file's @img/sharp-libvips-linuxmusl-x64@1.1.0 does not satisfy @img/sharp-libvips-linuxmusl-x64@1.0.4
2026-05-01T15:16:29.482Z  npm error Invalid: lock file's @img/sharp-linux-arm@0.34.1 does not satisfy @img/sharp-linux-arm@0.33.5
2026-05-01T15:16:29.482Z  npm error Invalid: lock file's @img/sharp-linux-arm64@0.34.1 does not satisfy @img/sharp-linux-arm64@0.33.5
2026-05-01T15:16:29.483Z  npm error Invalid: lock file's @img/sharp-linux-s390x@0.34.1 does not satisfy @img/sharp-linux-s390x@0.33.5
2026-05-01T15:16:29.483Z  npm error Invalid: lock file's @img/sharp-linux-x64@0.34.1 does not satisfy @img/sharp-linux-x64@0.33.5
2026-05-01T15:16:29.483Z  npm error Invalid: lock file's @img/sharp-linuxmusl-arm64@0.34.1 does not satisfy @img/sharp-linuxmusl-arm64@0.33.5
2026-05-01T15:16:29.483Z  npm error Invalid: lock file's @img/sharp-linuxmusl-x64@0.34.1 does not satisfy @img/sharp-linuxmusl-x64@0.33.5
2026-05-01T15:16:29.483Z  npm error Invalid: lock file's @img/sharp-wasm32@0.34.1 does not satisfy @img/sharp-wasm32@0.33.5
2026-05-01T15:16:29.483Z  npm error Invalid: lock file's @img/sharp-win32-ia32@0.34.1 does not satisfy @img/sharp-win32-ia32@0.33.5
2026-05-01T15:16:29.483Z  npm error Invalid: lock file's @img/sharp-win32-x64@0.34.1 does not satisfy @img/sharp-win32-x64@0.33.5
2026-05-01T15:16:29.484Z  npm error
2026-05-01T15:16:29.484Z  npm error Clean install a project
2026-05-01T15:16:29.484Z  npm error
2026-05-01T15:16:29.484Z  npm error Usage:
2026-05-01T15:16:29.484Z  npm error npm ci
2026-05-01T15:16:29.485Z  npm error
2026-05-01T15:16:29.485Z  npm error Options:
2026-05-01T15:16:29.485Z  npm error [--install-strategy <hoisted|nested|shallow|linked>] [--legacy-bundling]
2026-05-01T15:16:29.485Z  npm error [--global-style] [--omit <dev|optional|peer> [--omit <dev|optional|peer> ...]]
2026-05-01T15:16:29.486Z  npm error [--include <prod|dev|optional|peer> [--include <prod|dev|optional|peer> ...]]
2026-05-01T15:16:29.488Z  npm error [--strict-peer-deps] [--foreground-scripts] [--ignore-scripts]
2026-05-01T15:16:29.488Z  npm error [--allow-git <all|none|root>] [--no-audit] [--no-bin-links] [--no-fund]
2026-05-01T15:16:29.489Z  npm error [--dry-run]
2026-05-01T15:16:29.489Z  npm error [-w|--workspace <workspace-name> [-w|--workspace <workspace-name> ...]]
2026-05-01T15:16:29.489Z  npm error [--workspaces] [--include-workspace-root] [--install-links]
2026-05-01T15:16:29.489Z  npm error
2026-05-01T15:16:29.489Z  npm error   --install-strategy
2026-05-01T15:16:29.490Z  npm error     Sets the strategy for installing packages in node_modules.
2026-05-01T15:16:29.490Z  npm error
2026-05-01T15:16:29.490Z  npm error   --legacy-bundling
2026-05-01T15:16:29.490Z  npm error     Instead of hoisting package installs in `node_modules`, install packages
2026-05-01T15:16:29.490Z  npm error
2026-05-01T15:16:29.491Z  npm error   --global-style
2026-05-01T15:16:29.491Z  npm error     Only install direct dependencies in the top level `node_modules`,
2026-05-01T15:16:29.491Z  npm error
2026-05-01T15:16:29.491Z  npm error   --omit
2026-05-01T15:16:29.491Z  npm error     Dependency types to omit from the installation tree on disk.
2026-05-01T15:16:29.491Z  npm error
2026-05-01T15:16:29.492Z  npm error   --include
2026-05-01T15:16:29.492Z  npm error     Option that allows for defining which types of dependencies to install.
2026-05-01T15:16:29.492Z  npm error
2026-05-01T15:16:29.492Z  npm error   --strict-peer-deps
2026-05-01T15:16:29.492Z  npm error     If set to `true`, and `--legacy-peer-deps` is not set, then _any_
2026-05-01T15:16:29.492Z  npm error
2026-05-01T15:16:29.493Z  npm error   --foreground-scripts
2026-05-01T15:16:29.493Z  npm error     Run all build scripts (ie, `preinstall`, `install`, and
2026-05-01T15:16:29.493Z  npm error
2026-05-01T15:16:29.493Z  npm error   --ignore-scripts
2026-05-01T15:16:29.493Z  npm error     If true, npm does not run scripts specified in package.json files.
2026-05-01T15:16:29.494Z  npm error
2026-05-01T15:16:29.494Z  npm error   --allow-git
2026-05-01T15:16:29.494Z  npm error     Limits the ability for npm to fetch dependencies from git references.
2026-05-01T15:16:29.494Z  npm error
2026-05-01T15:16:29.494Z  npm error   --audit
2026-05-01T15:16:29.495Z  npm error     When "true" submit audit reports alongside the current npm command to the
2026-05-01T15:16:29.495Z  npm error
2026-05-01T15:16:29.495Z  npm error   --bin-links
2026-05-01T15:16:29.495Z  npm error     Tells npm to create symlinks (or `.cmd` shims on Windows) for package
2026-05-01T15:16:29.495Z  npm error
2026-05-01T15:16:29.496Z  npm error   --fund
2026-05-01T15:16:29.496Z  npm error     When "true" displays the message at the end of each `npm install`
2026-05-01T15:16:29.496Z  npm error
2026-05-01T15:16:29.496Z  npm error   --dry-run
2026-05-01T15:16:29.496Z  npm error     Indicates that you don't want npm to make any changes and that it should
2026-05-01T15:16:29.497Z  npm error
2026-05-01T15:16:29.497Z  npm error   -w|--workspace
2026-05-01T15:16:29.497Z  npm error     Enable running a command in the context of the configured workspaces of the
2026-05-01T15:16:29.497Z  npm error
2026-05-01T15:16:29.497Z  npm error   --workspaces
2026-05-01T15:16:29.498Z  npm error     Set to true to run the command in the context of **all** configured
2026-05-01T15:16:29.498Z  npm error
2026-05-01T15:16:29.498Z  npm error   --include-workspace-root
2026-05-01T15:16:29.498Z  npm error     Include the workspace root when workspaces are enabled for a command.
2026-05-01T15:16:29.498Z  npm error
2026-05-01T15:16:29.499Z  npm error   --install-links
2026-05-01T15:16:29.499Z  npm error     When set file: protocol dependencies will be packed and installed as
2026-05-01T15:16:29.499Z  npm error
2026-05-01T15:16:29.499Z  npm error
2026-05-01T15:16:29.499Z  npm error aliases: clean-install, ic, install-clean, isntall-clean
2026-05-01T15:16:29.499Z  npm error
2026-05-01T15:16:29.500Z  npm error Run "npm help ci" for more info
2026-05-01T15:16:29.505Z  npm error A complete log of this run can be found in: /vercel/.npm/_logs/2026-05-01T15_16_27_564Z-debug-0.log
2026-05-01T15:16:29.526Z  Error: Command "npm ci" exited with 1
